run_id=36420395011  fecha=2026-09-28T12:13:48Z

===================== /tmp/fetch-apks.log =====================
[INFO]  patches-meta.json no existe — descargando patches-list.json del repo de patches.
[OK]    patches-meta.json descargado de https://raw.githubusercontent.com/MorpheApp/morphe-patches/main/patches-list.json (308663 bytes)
[WARN]  Version YT detectada (20.47.62) < piso (21.04.223) — usando piso.
[WARN]  Version YTM detectada (8.47.56) < piso (9.15.51) — usando piso.
[INFO]  YouTube        → 21.04.223  (com.google.android.youtube)
[INFO]  YouTube Music  → 9.15.51 (com.google.android.apps.youtube.music)

═══ Descargando com.google.android.youtube@21.04.223 desde APKMirror (google-inc/youtube) ═══
[apkmirror] version page → https://www.apkmirror.com/apk/google-inc/youtube/youtube-21-04-223-release/
[apkmirror] variant hrefs found: 4
[apkmirror] inspecting variant: /apk/google-inc/youtube/youtube-21-04-223-release/youtube-21-04-223-3-android-apk-download/
[apkmirror]   title: 'YouTube 21.04.223 (120-480dpi) (Android 12L+) APK Download by Google LLC - APKMirror'
[apkmirror]   → density range (multi-DPI bundle), skipping
[apkmirror] inspecting variant: /apk/google-inc/youtube/youtube-21-04-223-release/youtube-21-04-223-2-android-apk-download/
[apkmirror]   title: 'YouTube 21.04.223 (arm64-v8a + arm-v7a) (480-640dpi) (Android 9.0+) APK Download by Google LLC - APKMirror'
[apkmirror]   → density range (multi-DPI bundle), skipping
[apkmirror] inspecting variant: /apk/google-inc/youtube/youtube-21-04-223-release/youtube-21-04-223-4-android-apk-download/
[apkmirror]   title: 'YouTube 21.04.223 (arm64-v8a) (480-640dpi) (Android 10+) APK Download by Google LLC - APKMirror'
[apkmirror]   → density range (multi-DPI bundle), skipping
[apkmirror] inspecting variant: /apk/google-inc/youtube/youtube-21-04-223-release/youtube-21-04-223-android-apk-download/
[apkmirror]   title: 'YouTube 21.04.223 (nodpi) (Android 9.0+) APK Download by Google LLC - APKMirror'
[apkmirror] chose variant: YouTube 21.04.223 (nodpi) (Android 9.0+) APK Download by Google LLC - APKMirror
[apkmirror] download-key page → /apk/google-inc/youtube/youtube-21-04-223-release/youtube-21-04-223-android-apk-download/download/?key=48b93980c56e59b277d23a4ce71d3dcbc603cb10&forcebaseapk=true
[apkmirror] 403 en intento 1/5 — reintentando
[apkmirror] GET https://www.apkmirror.com/apk/google-inc/youtube/youtube-21-04-223-release/youtube-21-04-223-android-apk-download/download/?key=48b93980c56e59b277d23a4ce71d3dcbc603cb10&forcebaseapk=true failed (<HTTPError 403: 'Forbidden'>) — retry in 1s (attempt 1/5)
[apkmirror] 403 en intento 2/5 — reintentando
[apkmirror] GET https://www.apkmirror.com/apk/google-inc/youtube/youtube-21-04-223-release/youtube-21-04-223-android-apk-download/download/?key=48b93980c56e59b277d23a4ce71d3dcbc603cb10&forcebaseapk=true failed (<HTTPError 403: 'Forbidden'>) — retry in 2s (attempt 2/5)
[apkmirror] 403 en intento 3/5 — reintentando
[apkmirror] GET https://www.apkmirror.com/apk/google-inc/youtube/youtube-21-04-223-release/youtube-21-04-223-android-apk-download/download/?key=48b93980c56e59b277d23a4ce71d3dcbc603cb10&forcebaseapk=true failed (<HTTPError 403: 'Forbidden'>) — retry in 4s (attempt 3/5)
[apkmirror] 403 en intento 4/5 — reintentando
[apkmirror] GET https://www.apkmirror.com/apk/google-inc/youtube/youtube-21-04-223-release/youtube-21-04-223-android-apk-download/download/?key=48b93980c56e59b277d23a4ce71d3dcbc603cb10&forcebaseapk=true failed (<HTTPError 403: 'Forbidden'>) — retry in 8s (attempt 4/5)
[apkmirror] 403 en intento 5/5 — reintentando
[apkmirror] GET https://www.apkmirror.com/apk/google-inc/youtube/youtube-21-04-223-release/youtube-21-04-223-android-apk-download/download/?key=48b93980c56e59b277d23a4ce71d3dcbc603cb10&forcebaseapk=true failed (<HTTPError 403: 'Forbidden'>) — retry in 16s (attempt 5/5)
[apkmirror] unexpected error: RuntimeError("all retries exhausted for https://www.apkmirror.com/apk/google-inc/youtube/youtube-21-04-223-release/youtube-21-04-223-android-apk-download/download/?key=48b93980c56e59b277d23a4ce71d3dcbc603cb10&forcebaseapk=true: <HTTPError 403: 'Forbidden'>")
Traceback (most recent call last):
  File "/home/runner/work/yt-personal/yt-personal/project-a/scripts/apkmirror_download.py", line 392, in main
    download_version(app_org, app_slug, version, out_path)
  File "/home/runner/work/yt-personal/yt-personal/project-a/scripts/apkmirror_download.py", line 358, in download_version
    key_html = fetch_text(key_url, referer=variant_url)
               ^^^^^^^^^^^^^^^^^^^^^^^^^^^^^^^^^^^^^^^^
  File "/home/runner/work/yt-personal/yt-personal/project-a/scripts/apkmirror_download.py", line 124, in fetch_text
    raise RuntimeError(f"all retries exhausted for {url}: {last_err!r}")
RuntimeError: all retries exhausted for https://www.apkmirror.com/apk/google-inc/youtube/youtube-21-04-223-release/youtube-21-04-223-android-apk-download/download/?key=48b93980c56e59b277d23a4ce71d3dcbc603cb10&forcebaseapk=true: <HTTPError 403: 'Forbidden'>
[ERR]   APKMirror scraper falló para com.google.android.youtube@21.04.223.
    Pasos de diagnóstico:
      1. Revisá el exit code arriba (2=version 404, 3=sin variantes,
         4=key missing, 5=download.php missing, 6=download inválido).
      2. Si el HTML de APKMirror cambió, revisar docs/APKMIRROR-SCRAPER.md
         §mantenimiento y actualizar los regex en apkmirror_download.py.
