==> versionName = 1.0.0
==> compilando release
Downloading https://services.gradle.org/distributions/gradle-9.7.0-bin.zip
..............10%..............20%..............30%...............40%..............50%...............60%..............70%..............80%...............90%..............100%

Welcome to Gradle 9.7.0!

Here are the highlights of this release:
 - Isolated Projects graduates to incubating
 - Broader Configuration Cache compatibility
 - More source locations in problem reports

For more details see https://docs.gradle.org/9.7.0/release-notes.html

To honour the JVM settings for this build a single-use Daemon process will be forked. For more on this, please refer to https://docs.gradle.org/9.7.0/userguide/gradle_daemon.html#sec:disabling_the_daemon in the Gradle documentation.
Daemon will be stopped at the end of the build 
> Task :app:clean UP-TO-DATE
> Task :app:preBuild UP-TO-DATE
> Task :app:preReleaseBuild UP-TO-DATE
> Task :app:mergeReleaseJniLibFolders
> Task :app:mergeReleaseNativeLibs
> Task :app:checkReleaseDuplicateClasses
> Task :app:generateReleaseResources
> Task :app:packageReleaseResources
> Task :app:processReleaseNavigationResources
> Task :app:stripReleaseDebugSymbols
> Task :app:javaPreCompileRelease
> Task :app:extractReleaseNativeSymbolTables
> Task :app:parseReleaseLocalResources
> Task :app:checkReleaseAarMetadata
> Task :app:mergeReleaseNativeDebugMetadata
> Task :app:mapReleaseSourceSetPaths
> Task :app:generateReleaseRFile
> Task :app:compileReleaseNavigationResources
> Task :app:createReleaseCompatibleScreenManifests
> Task :app:extractDeepLinksRelease
> Task :app:processReleaseMainManifest
> Task :app:processReleaseManifest
> Task :app:desugarReleaseFileDependencies
> Task :app:mergeReleaseStartupProfile
> Task :app:mergeReleaseResources
> Task :app:compileReleaseKotlin
> Task :app:processReleaseManifestForPackage
> Task :app:mergeExtDexRelease
> Task :app:compileReleaseJavaWithJavac NO-SOURCE
> Task :app:mergeReleaseArtProfile
> Task :app:generateReleaseAssets UP-TO-DATE
> Task :app:mergeReleaseAssets
> Task :app:compressReleaseAssets
> Task :app:extractReleaseVersionControlInfo
> Task :app:processReleaseResources
> Task :app:extractProguardFiles
> Task :app:dexBuilderRelease
> Task :app:mergeReleaseGlobalSynthetics
> Task :app:generateReleaseLintVitalReportModel
> Task :app:processReleaseJavaRes
> Task :app:optimizeReleaseResources
> Task :app:collectReleaseDependencies
> Task :app:sdkReleaseDependencyData
> Task :app:validateSigningRelease
> Task :app:writeReleaseAppMetadata
> Task :app:writeReleaseSigningConfigVersions
> Task :app:mergeReleaseJavaResource
> Task :app:mergeDexRelease
> Task :app:compileReleaseArtProfile
> Task :app:lintVitalAnalyzeRelease
> Task :app:lintVitalReportRelease
> Task :app:lintVitalRelease
> Task :app:packageRelease
> Task :app:createReleaseApkListingFileRedirect
> Task :app:assembleRelease

BUILD SUCCESSFUL in 2m 46s
50 actionable tasks: 49 executed, 1 up-to-date
Consider enabling configuration cache to speed up this build: https://docs.gradle.org/9.7.0/userguide/configuration_cache_enabling.html
==> APK: project-i/app/build/outputs/apk/release/app-release.apk (25M)
==> verificando identidad del APK con aapt2
==> package = io.github.alexyoj123.vallethremote · label = VallEthRemote
==> verificando alineacion y compresion de resources.arsc
==> verificando la firma
